// Jest Snapshot v1, https://goo.gl/fbAQLP

exports[`Title Component should render correctly 1`] = `
.c0 {
  margin: 0;
  padding: 0;
  font-family: "Simplon Norm Light","Lucida Sans","Lucida Sans Unicode","Lucida Grande",Arial,Helvetica,sans-serif;
  line-height: 1.4;
  box-sizing: border-box;
  white-space: normal;
  font-family: 'Core Light','Simplon Norm Regular','Lucida Sans','Lucida Sans Unicode', 'Lucida Grande',Arial,Helvetica,sans-serif;
  font-weight: 400;
  line-height: 1.2;
  margin: 0;
  text-transform: uppercase;
  font-size: 1.3em;
  color: #333;
}

@media (min-width:48em) {
  .c0 {
    font-size: 1.5em;
  }
}

@media (min-width:62em) {
  .c0 {
    font-size: 1.7em;
  }
}

@media (min-width:80em) {
  .c0 {
    font-size: 2em;
  }
}

<h2
  className="c0"
>
  Content
</h2>
`;
