// Jest Snapshot v1, https://goo.gl/fbAQLP

exports[`Box Component should render correctly 1`] = `
.c0 {
  display: inline-block;
  white-space: nowrap;
}

<div
  className="c0"
>
  Content
</div>
`;
