// Jest Snapshot v1, https://goo.gl/fbAQLP

exports[`ProgressBox Component should render correctly 1`] = `
.c0 {
  width: 100%;
}

<div
  className="c0"
>
  Content
</div>
`;
