// Jest Snapshot v1, https://goo.gl/fbAQLP

exports[`Wrapper Component should render correctly 1`] = `
.c0 {
  overflow: hidden;
}

<div
  className="c0"
>
  Content
</div>
`;
