// Jest Snapshot v1, https://goo.gl/fbAQLP

exports[`ReloadButton Component should render correctly 1`] = `
.c1 {
  display: inline-block;
  vertical-align: middle;
  width: 100%;
  height: 100%;
}

.c0 {
  display: -webkit-inline-box;
  display: -webkit-inline-flex;
  display: -ms-inline-flexbox;
  display: inline-flex;
  -webkit-align-items: center;
  -webkit-box-align: center;
  -ms-flex-align: center;
  align-items: center;
  -webkit-box-pack: center;
  -webkit-justify-content: center;
  -ms-flex-pack: center;
  justify-content: center;
  width: 40px;
  height: 40px;
  padding: 7px;
  margin: 0;
  border-style: none;
  border-radius: 50%;
  border-width: 0;
  outline: none;
  color: #808080;
  background-color: rgba(255,255,255,0.5);
  cursor: pointer;
  width: 100%;
  height: auto;
}

@media (min-width:48em) {
  .c0 {
    width: 40px;
    height: 40px;
  }
}

<button
  className="c0"
  color="#808080"
  onClick={[MockFunction handleClick]}
>
  <svg
    aria-labelledby="ID"
    className="c1"
    role="img"
    size={undefined}
    viewBox="0 0 84 92"
  >
    <title
      id="ID"
    >
      repeat
    </title>
    <g
      fill="none"
      fillRule="evenodd"
      stroke="currentColor"
    >
      <path
        d="M3.477 66.46c10.67 20.066 35.586 27.683 55.652 17.014 20.066-10.67 27.684-35.586 17.014-55.652C65.473 7.756 40.558.138 20.492 10.808a40.992 40.992 0 0 0-13.626 11.66"
        strokeWidth="6"
      />
      <path
        d="M23.648 24.024H6.385V6.762z"
        fill="currentColor"
        strokeWidth="5"
      />
    </g>
  </svg>
</button>
`;
