// Jest Snapshot v1, https://goo.gl/fbAQLP

exports[`Link Component should render correctly 1`] = `
<a
  href="https://labs.coremedia.com"
>
  Content
</a>
`;
