// Jest Snapshot v1, https://goo.gl/fbAQLP

exports[`TeaserBox Component should render correctly 1`] = `
.c0 {
  position: relative;
  border: 0;
  box-sizing: border-box;
  width: 100%;
  height: 100%;
}

.c0 > * {
  box-sizing: border-box;
}

<div
  className="c0"
>
  Content
</div>
`;
