// Jest Snapshot v1, https://goo.gl/fbAQLP

exports[`H1 Component should render correctly 1`] = `
.c0 {
  margin: 0;
  padding: 0;
  line-height: 1.4;
  box-sizing: border-box;
  font-family: Helvetica;
  font-weight: 400;
  line-height: 1.2;
  margin: 0;
  text-transform: uppercase;
  font-size: 1.4em;
  margin-top: 1em;
}

@media (min-width:48em) {
  .c0 {
    font-size: 1.7em;
  }
}

@media (min-width:62em) {
  .c0 {
    font-size: 2em;
  }
}

@media (min-width:80em) {
  .c0 {
    font-size: 2.4em;
  }
}

<div
  className="c0"
>
  Content
</div>
`;
