// Jest Snapshot v1, https://goo.gl/fbAQLP

exports[`PictureWrapper Component should render correctly 1`] = `
.c0 {
  width: 50%;
  float: left;
  margin: 1em 1em 1em 0em;
  display: block;
}

<span
  className="c0"
>
  Content
</span>
`;
