// Jest Snapshot v1, https://goo.gl/fbAQLP

exports[`LinkButton Component should render correctly 1`] = `
.c0 {
  display: inline-block;
  width: 100%;
}

<a
  aria-label={undefined}
  className="c0"
  role="button"
>
  Content
</a>
`;
