// Jest Snapshot v1, https://goo.gl/fbAQLP

exports[`ProductInfo Component should render correctly 1`] = `
.c0 {
  margin: 0;
  padding: 0;
  font-family: "Simplon Norm Light","Lucida Sans","Lucida Sans Unicode","Lucida Grande",Arial,Helvetica,sans-serif;
  line-height: 1.4;
  box-sizing: border-box;
  white-space: normal;
  display: -webkit-box;
  display: -webkit-flex;
  display: -ms-flexbox;
  display: flex;
  -webkit-flex-direction: column;
  -ms-flex-direction: column;
  flex-direction: column;
  -webkit-align-items: center;
  -webkit-box-align: center;
  -ms-flex-align: center;
  align-items: center;
  padding: 10px 5px;
}

<div
  className="c0"
>
  Content
</div>
`;
