// Jest Snapshot v1, https://goo.gl/fbAQLP

exports[`Button Component should render correctly 1`] = `
.c0 {
  border: 2px solid;
  margin-top: 1em;
  padding: 0.5em 1em;
  color: inherit;
  background-color: inherit;
}

<button
  className="c0"
>
  Content
</button>
`;
