// Jest Snapshot v1, https://goo.gl/fbAQLP

exports[`FixedBox Component should render correctly 1`] = `
.c0 {
  color: #fafafa;
  background-color: rgba(239,223,15,0.7);
  overflow: hidden;
  padding: 1em;
  max-width: 100%;
  max-height: 100%;
  position: absolute;
  width: 70%;
  left: 15%;
  bottom: 10px;
}

@media (min-width:48em) {
  .c0 {
    height: 100%;
  }
}

<div
  className="c0"
  height="100%"
  width={70}
>
  Content
</div>
`;
