// Jest Snapshot v1, https://goo.gl/fbAQLP

exports[`TextBox Component should render correctly 1`] = `
.c0 {
  color: #fafafa;
  background-color: rgba(239,223,15,1);
  text-align: center;
}

@media (min-width:48em) {
  .c0 {
    position: absolute;
    width: 50%;
    height: 100%;
    left: 50%;
    top: 0%;
  }
}

<div
  className="c0"
>
  Content
</div>
`;
